0 info it worked if it ends with ok
1 verbose cli [
1 verbose cli   'C:\\nvm4w\\nodejs\\node.exe',
1 verbose cli   'C:\\Users\\Alina\\AppData\\Roaming\\npm\\node_modules\\npm\\bin\\npm-cli.js',
1 verbose cli   'install',
1 verbose cli   '-g',
1 verbose cli   'npm@latest'
1 verbose cli ]
2 info using npm@3.10.10
3 info using node@v20.18.3
4 silly loadCurrentTree Starting
5 silly install loadCurrentTree
6 silly install readGlobalPackageData
7 silly fetchPackageMetaData npm@latest
8 silly fetchNamedPackageData npm
9 silly mapToRegistry name npm
10 silly mapToRegistry using default registry
11 silly mapToRegistry registry https://registry.npmjs.org/
12 silly mapToRegistry data Result {
12 silly mapToRegistry   raw: 'npm',
12 silly mapToRegistry   scope: null,
12 silly mapToRegistry   escapedName: 'npm',
12 silly mapToRegistry   name: 'npm',
12 silly mapToRegistry   rawSpec: '',
12 silly mapToRegistry   spec: 'latest',
12 silly mapToRegistry   type: 'tag'
12 silly mapToRegistry }
13 silly mapToRegistry uri https://registry.npmjs.org/npm
14 verbose request uri https://registry.npmjs.org/npm
15 verbose request no auth needed
16 info attempt registry request try #1 at 14:37:13
17 verbose request id 022a901bec723526
18 verbose etag W/"b3519c2693f61ee4f2eb2857cfeb19b9"
19 verbose lastModified Wed, 05 Mar 2025 20:39:10 GMT
20 http request GET https://registry.npmjs.org/npm
21 http 200 https://registry.npmjs.org/npm
22 verbose headers {
22 verbose headers   date: 'Fri, 07 Mar 2025 14:37:13 GMT',
22 verbose headers   'content-type': 'application/json',
22 verbose headers   'transfer-encoding': 'chunked',
22 verbose headers   connection: 'keep-alive',
22 verbose headers   'cf-ray': '91cad45dd9426406-LHR',
22 verbose headers   'cf-cache-status': 'HIT',
22 verbose headers   'access-control-allow-origin': '*',
22 verbose headers   age: '105',
22 verbose headers   'cache-control': 'public, max-age=300',
22 verbose headers   etag: 'W/"b3519c2693f61ee4f2eb2857cfeb19b9"',
22 verbose headers   'last-modified': 'Wed, 05 Mar 2025 20:39:10 GMT',
22 verbose headers   vary: 'accept-encoding, accept',
22 verbose headers   'set-cookie': [
22 verbose headers     '_cfuvid=q80moGw.boHSIptavA7BKLz5VvKR6L8N8a73vkmF8A8-1741358233282-0.0.1.1-604800000; path=/; domain=.npmjs.org; HttpOnly; Secure; SameSite=None'
22 verbose headers   ],
22 verbose headers   server: 'cloudflare',
22 verbose headers   'content-encoding': 'gzip'
22 verbose headers }
23 silly get cb [
23 silly get   200,
23 silly get   {
23 silly get     date: 'Fri, 07 Mar 2025 14:37:13 GMT',
23 silly get     'content-type': 'application/json',
23 silly get     'transfer-encoding': 'chunked',
23 silly get     connection: 'keep-alive',
23 silly get     'cf-ray': '91cad45dd9426406-LHR',
23 silly get     'cf-cache-status': 'HIT',
23 silly get     'access-control-allow-origin': '*',
23 silly get     age: '105',
23 silly get     'cache-control': 'public, max-age=300',
23 silly get     etag: 'W/"b3519c2693f61ee4f2eb2857cfeb19b9"',
23 silly get     'last-modified': 'Wed, 05 Mar 2025 20:39:10 GMT',
23 silly get     vary: 'accept-encoding, accept',
23 silly get     'set-cookie': [
23 silly get       '_cfuvid=q80moGw.boHSIptavA7BKLz5VvKR6L8N8a73vkmF8A8-1741358233282-0.0.1.1-604800000; path=/; domain=.npmjs.org; HttpOnly; Secure; SameSite=None'
23 silly get     ],
23 silly get     server: 'cloudflare',
23 silly get     'content-encoding': 'gzip'
23 silly get   }
23 silly get ]
24 verbose get saving npm to C:\Users\Alina\AppData\Roaming\npm-cache\registry.npmjs.org\npm\.cache.json
25 verbose correctMkdir C:\Users\Alina\AppData\Roaming\npm-cache correctMkdir not in flight; initializing
26 verbose stack TypeError: cb.apply is not a function
26 verbose stack     at C:\Users\Alina\AppData\Roaming\npm\node_modules\npm\node_modules\graceful-fs\polyfills.js:267:18
26 verbose stack     at FSReqCallback.oncomplete (node:fs:199:5)
27 verbose cwd D:\Alina_IT\Potr_Pots
28 error Windows_NT 10.0.26100
29 error argv "C:\\nvm4w\\nodejs\\node.exe" "C:\\Users\\Alina\\AppData\\Roaming\\npm\\node_modules\\npm\\bin\\npm-cli.js" "install" "-g" "npm@latest"
30 error node v20.18.3
31 error npm  v3.10.10
32 error cb.apply is not a function
33 error If you need help, you may report this error at:
33 error     <https://github.com/npm/npm/issues>
34 verbose exit [ 1, true ]
